\BOOKMARK [1][-]{section.1}{\376\377\000C\000r\000o\000s\000s\000-\000R\000e\000f\000e\000r\000e\000n\000c\000e\000\040\000t\000o\000\040\000R\000e\000l\000a\000t\000e\000d\000\040\000A\000p\000p\000l\000i\000c\000a\000t\000i\000o\000n\000s}{}% 1
\BOOKMARK [1][-]{section.2}{\376\377\000F\000i\000e\000l\000d\000\040\000o\000f\000\040\000t\000h\000e\000\040\000I\000n\000v\000e\000n\000t\000i\000o\000n}{}% 2
\BOOKMARK [1][-]{section.3}{\376\377\000B\000a\000c\000k\000g\000r\000o\000u\000n\000d\000\040\000o\000f\000\040\000t\000h\000e\000\040\000I\000n\000v\000e\000n\000t\000i\000o\000n}{}% 3
\BOOKMARK [2][-]{subsection.3.1}{\376\377\000T\000h\000e\000\040\000A\000n\000t\000i\000b\000i\000o\000t\000i\000c\000\040\000R\000e\000s\000i\000s\000t\000a\000n\000c\000e\000\040\000C\000r\000i\000s\000i\000s}{section.3}% 4
\BOOKMARK [2][-]{subsection.3.2}{\376\377\000L\000i\000m\000i\000t\000a\000t\000i\000o\000n\000s\000\040\000o\000f\000\040\000E\000x\000i\000s\000t\000i\000n\000g\000\040\000D\000r\000u\000g\000\040\000D\000i\000s\000c\000o\000v\000e\000r\000y}{section.3}% 5
\BOOKMARK [2][-]{subsection.3.3}{\376\377\000L\000i\000m\000i\000t\000a\000t\000i\000o\000n\000s\000\040\000o\000f\000\040\000E\000x\000i\000s\000t\000i\000n\000g\000\040\000R\000e\000s\000i\000s\000t\000a\000n\000c\000e\000\040\000P\000r\000e\000d\000i\000c\000t\000i\000o\000n}{section.3}% 6
\BOOKMARK [1][-]{section.4}{\376\377\000S\000u\000m\000m\000a\000r\000y\000\040\000o\000f\000\040\000t\000h\000e\000\040\000I\000n\000v\000e\000n\000t\000i\000o\000n}{}% 7
\BOOKMARK [1][-]{section.5}{\376\377\000D\000e\000t\000a\000i\000l\000e\000d\000\040\000D\000e\000s\000c\000r\000i\000p\000t\000i\000o\000n\000\040\000o\000f\000\040\000t\000h\000e\000\040\000I\000n\000v\000e\000n\000t\000i\000o\000n}{}% 8
\BOOKMARK [2][-]{subsection.5.1}{\376\377\000L\000a\000y\000e\000r\000\040\0000\000:\000\040\000P\000a\000t\000i\000e\000n\000t\000\040\000M\000a\000n\000i\000f\000o\000l\000d\000\040\000\050\000P\000,\000\040\000g\000P\000\051}{section.5}% 9
\BOOKMARK [2][-]{subsection.5.2}{\376\377\000L\000a\000y\000e\000r\000\040\0001\000:\000\040\000T\000a\000r\000g\000e\000t\000\040\000M\000a\000n\000i\000f\000o\000l\000d\000\040\000\050\000T\000,\000\040\000h\000\051}{section.5}% 10
\BOOKMARK [2][-]{subsection.5.3}{\376\377\000L\000a\000y\000e\000r\000\040\0002\000:\000\040\000C\000a\000n\000d\000i\000d\000a\000t\000e\000\040\000M\000a\000n\000i\000f\000o\000l\000d\000\040\000\050\000M\000,\000\040\000g\000M\000\051}{section.5}% 11
\BOOKMARK [2][-]{subsection.5.4}{\376\377\000L\000a\000y\000e\000r\000\040\0003\000:\000\040\000F\000i\000b\000e\000r\000\040\000B\000u\000n\000d\000l\000e\000\040\000:\000\040\000E\000\040\000T}{section.5}% 12
\BOOKMARK [2][-]{subsection.5.5}{\376\377\000L\000a\000y\000e\000r\000\040\0004\000:\000\040\000P\000h\000a\000r\000m\000a\000c\000o\000p\000h\000o\000r\000e\000\040\000E\000x\000t\000r\000a\000c\000t\000i\000o\000n\000\040\040\024\000\040\000T\000o\000p\000o\000l\000o\000g\000i\000c\000a\000l\000\040\000I\000n\000v\000a\000r\000i\000a\000n\000t\000\040}{section.5}% 13
\BOOKMARK [2][-]{subsection.5.6}{\376\377\000L\000a\000y\000e\000r\000\040\0005\000:\000\040\000A\000D\000M\000E\000T\000\040\000C\000u\000r\000v\000a\000t\000u\000r\000e\000\040\000K}{section.5}% 14
\BOOKMARK [2][-]{subsection.5.7}{\376\377\000L\000a\000y\000e\000r\000\040\0006\000:\000\040\000C\000o\000h\000e\000r\000e\000n\000c\000e\000\040\000O\000p\000t\000i\000m\000i\000z\000a\000t\000i\000o\000n\000\040\000C\000*\000\040\000=\000\040\000\050\000/\000K\000\051}{section.5}% 15
\BOOKMARK [2][-]{subsection.5.8}{\376\377\000L\000a\000y\000e\000r\000\040\0007\000:\000\040\000R\000e\000s\000i\000s\000t\000a\000n\000c\000e\000\040\000P\000r\000e\000d\000i\000c\000t\000i\000o\000n\000\040\040\024\000\040\000E\000s\000c\000a\000p\000e\000\040\000G\000e\000o\000d\000e\000s\000i\000c\000s}{section.5}% 16
\BOOKMARK [2][-]{subsection.5.9}{\376\377\000L\000a\000y\000e\000r\000\040\0008\000:\000\040\000C\000o\000m\000b\000i\000n\000a\000t\000i\000o\000n\000\040\000T\000h\000e\000r\000a\000p\000y\000\040\040\024\000\040\000T\000e\000n\000s\000o\000r\000\040\000P\000r\000o\000d\000u\000c\000t\000\040\000E\0001\000\040\000E\0002}{section.5}% 17
\BOOKMARK [2][-]{subsection.5.10}{\376\377\000L\000a\000y\000e\000r\000\040\0009\000:\000\040\000D\000o\000s\000i\000n\000g\000\040\040\024\000\040\000P\000a\000r\000a\000l\000l\000e\000l\000\040\000T\000r\000a\000n\000s\000p\000o\000r\000t}{section.5}% 18
\BOOKMARK [1][-]{section.6}{\376\377\000V\000a\000l\000i\000d\000a\000t\000i\000o\000n\000\040\000S\000t\000u\000d\000i\000e\000s}{}% 19
\BOOKMARK [2][-]{subsection.6.1}{\376\377\000C\000o\000m\000p\000u\000t\000a\000t\000i\000o\000n\000a\000l\000\040\000V\000a\000l\000i\000d\000a\000t\000i\000o\000n}{section.6}% 20
\BOOKMARK [2][-]{subsection.6.2}{\376\377\000C\000l\000i\000n\000i\000c\000a\000l\000\040\000G\000r\000o\000u\000n\000d\000\040\000T\000r\000u\000t\000h}{section.6}% 21
\BOOKMARK [1][-]{section.7}{\376\377\000C\000l\000a\000i\000m\000s}{}% 22
\BOOKMARK [1][-]{section.8}{\376\377\000B\000r\000i\000e\000f\000\040\000D\000e\000s\000c\000r\000i\000p\000t\000i\000o\000n\000\040\000o\000f\000\040\000t\000h\000e\000\040\000D\000r\000a\000w\000i\000n\000g\000s}{}% 23
\BOOKMARK [1][-]{section.9}{\376\377\000D\000r\000a\000w\000i\000n\000g\000s}{}% 24
